[Sun Sep 13 17:14:03 2026] PHP 8.3.6 Development Server (http://localhost:8000) started
[Sun Sep 13 17:14:28 2026] [::1]:49606 Accepted
[Sun Sep 13 17:14:28 2026] [::1]:49606 [200]: GET /auth/login.php
[Sun Sep 13 17:14:28 2026] [::1]:49606 Closing
[Sun Sep 13 17:14:29 2026] [::1]:49620 Accepted
[Sun Sep 13 17:14:29 2026] [::1]:49620 [200]: POST /auth/login.php
[Sun Sep 13 17:14:29 2026] [::1]:49620 Closing
[Sun Sep 13 17:14:31 2026] [::1]:49630 Accepted
[Sun Sep 13 17:14:31 2026] [::1]:49630 [302]: GET /bookings/create.php?customer_id=1&unit_id=1
[Sun Sep 13 17:14:31 2026] [::1]:49630 Closing
[Sun Sep 13 17:14:31 2026] [::1]:49646 Accepted
[Sun Sep 13 17:14:31 2026] [::1]:49646 [200]: GET /auth/login.php
[Sun Sep 13 17:14:31 2026] [::1]:49646 Closing
[Sun Sep 13 17:17:03 2026] [::1]:39490 Accepted
[Sun Sep 13 17:17:03 2026] [::1]:39490 [200]: GET /auth/login.php
[Sun Sep 13 17:17:03 2026] [::1]:39490 Closing
[Sun Sep 13 17:17:03 2026] [::1]:39492 Accepted
[Sun Sep 13 17:17:03 2026] [::1]:39492 [200]: POST /auth/login.php
[Sun Sep 13 17:17:03 2026] [::1]:39492 Closing
[Sun Sep 13 17:17:05 2026] [::1]:60978 Accepted
[Sun Sep 13 17:17:05 2026] [::1]:60978 [302]: GET /bookings/create.php?customer_id=1&unit_id=1
[Sun Sep 13 17:17:05 2026] [::1]:60978 Closing
[Sun Sep 13 17:17:05 2026] [::1]:60994 Accepted
[Sun Sep 13 17:17:05 2026] [::1]:60994 [200]: GET /auth/login.php
[Sun Sep 13 17:17:05 2026] [::1]:60994 Closing
[Sun Sep 13 17:19:37 2026] [::1]:51890 Accepted
[Sun Sep 13 17:19:37 2026] [::1]:51890 [200]: GET /auth/login.php
[Sun Sep 13 17:19:37 2026] [::1]:51890 Closing
[Sun Sep 13 17:19:38 2026] [::1]:51898 Accepted
[Sun Sep 13 17:19:38 2026] [::1]:51898 [302]: POST /auth/login.php
[Sun Sep 13 17:19:38 2026] [::1]:51898 Closing
[Sun Sep 13 17:19:38 2026] [::1]:51912 Accepted
[Sun Sep 13 17:19:38 2026] [::1]:51912 [200]: GET /dashboard.php
[Sun Sep 13 17:19:38 2026] [::1]:51912 Closing
[Sun Sep 13 17:19:38 2026] [::1]:51928 Accepted
[Sun Sep 13 17:19:38 2026] [::1]:51934 Accepted
[Sun Sep 13 17:19:38 2026] [::1]:51928 [403]: GET /api/tasks.php?action=list&status=Pending
[Sun Sep 13 17:19:38 2026] [::1]:51928 Closing
[Sun Sep 13 17:19:38 2026] [::1]:51934 [200]: GET /api/notifications.php?action=list_unread
[Sun Sep 13 17:19:38 2026] [::1]:51934 Closing
[Sun Sep 13 17:19:40 2026] [::1]:51944 Accepted
[Sun Sep 13 17:19:40 2026] [::1]:51944 [200]: GET /bookings/create.php?customer_id=1&unit_id=1
[Sun Sep 13 17:19:40 2026] [::1]:51944 Closing
