[Sun Sep 13 17:26:10 2026] PHP 8.3.6 Development Server (http://localhost:8000) started
[Sun Sep 13 17:26:34 2026] [::1]:60352 Accepted
[Sun Sep 13 17:26:34 2026] [::1]:60352 [200]: GET /auth/login.php
[Sun Sep 13 17:26:34 2026] [::1]:60352 Closing
[Sun Sep 13 17:26:35 2026] [::1]:60516 Accepted
[Sun Sep 13 17:26:35 2026] [::1]:60516 [200]: POST /auth/login.php
[Sun Sep 13 17:26:35 2026] [::1]:60516 Closing
[Sun Sep 13 17:26:37 2026] [::1]:60520 Accepted
[Sun Sep 13 17:26:37 2026] [::1]:60520 [302]: GET /bookings/view.php?id=1
[Sun Sep 13 17:26:37 2026] [::1]:60520 Closing
[Sun Sep 13 17:26:37 2026] [::1]:60530 Accepted
[Sun Sep 13 17:26:37 2026] [::1]:60530 [200]: GET /auth/login.php
[Sun Sep 13 17:26:37 2026] [::1]:60530 Closing
[Sun Sep 13 17:28:55 2026] [::1]:37210 Accepted
[Sun Sep 13 17:28:55 2026] [::1]:37210 [200]: GET /auth/login.php
[Sun Sep 13 17:28:55 2026] [::1]:37210 Closing
[Sun Sep 13 17:28:56 2026] [::1]:37224 Accepted
[Sun Sep 13 17:28:56 2026] [::1]:37224 [302]: POST /auth/login.php
[Sun Sep 13 17:28:56 2026] [::1]:37224 Closing
[Sun Sep 13 17:28:56 2026] [::1]:37236 Accepted
[Sun Sep 13 17:28:56 2026] [::1]:37236 [200]: GET /dashboard.php
[Sun Sep 13 17:28:56 2026] [::1]:37236 Closing
[Sun Sep 13 17:28:56 2026] [::1]:37238 Accepted
[Sun Sep 13 17:28:56 2026] [::1]:37254 Accepted
[Sun Sep 13 17:28:56 2026] [::1]:37238 [403]: GET /api/tasks.php?action=list&status=Pending
[Sun Sep 13 17:28:56 2026] [::1]:37238 Closing
[Sun Sep 13 17:28:56 2026] [::1]:37254 [200]: GET /api/notifications.php?action=list_unread
[Sun Sep 13 17:28:56 2026] [::1]:37254 Closing
[Sun Sep 13 17:28:58 2026] [::1]:37258 Accepted
[Sun Sep 13 17:28:58 2026] [::1]:37258 [200]: GET /bookings/create.php?customer_id=1&unit_id=1
[Sun Sep 13 17:28:58 2026] [::1]:37258 Closing
[Sun Sep 13 17:29:00 2026] [::1]:37270 Accepted
[Sun Sep 13 17:29:00 2026] [::1]:37270 [200]: POST /api/bookings.php
[Sun Sep 13 17:29:00 2026] [::1]:37270 Closing
[Sun Sep 13 17:29:02 2026] [::1]:37284 Accepted
[Sun Sep 13 17:29:02 2026] [::1]:37284 [200]: GET /bookings/view.php?id=1
[Sun Sep 13 17:29:02 2026] [::1]:37284 Closing
[Sun Sep 13 17:29:02 2026] [::1]:37298 Accepted
[Sun Sep 13 17:29:02 2026] [::1]:37312 Accepted
[Sun Sep 13 17:29:02 2026] PHP Fatal error:  Uncaught PDOException: SQLSTATE[42S22]: Column not found: 1054 Unknown column 'p.title' in 'SELECT' in /app/api/bookings.php:80
Stack trace:
#0 /app/api/bookings.php(80): PDO->prepare()
#1 {main}
  thrown in /app/api/bookings.php on line 80
[Sun Sep 13 17:29:02 2026] [::1]:37298 [500]: GET /api/bookings.php?action=view&id=1 - Uncaught PDOException: SQLSTATE[42S22]: Column not found: 1054 Unknown column 'p.title' in 'SELECT' in /app/api/bookings.php:80
Stack trace:
#0 /app/api/bookings.php(80): PDO->prepare()
#1 {main}
  thrown in /app/api/bookings.php on line 80
[Sun Sep 13 17:29:02 2026] [::1]:37298 Closing
[Sun Sep 13 17:29:02 2026] [::1]:37312 [200]: GET /api/payments.php?action=list_for_booking&booking_id=1
[Sun Sep 13 17:29:02 2026] [::1]:37312 Closing
[Sun Sep 13 17:31:05 2026] [::1]:39502 Accepted
[Sun Sep 13 17:31:05 2026] [::1]:39502 [200]: GET /auth/login.php
[Sun Sep 13 17:31:05 2026] [::1]:39502 Closing
[Sun Sep 13 17:31:06 2026] [::1]:39504 Accepted
[Sun Sep 13 17:31:06 2026] [::1]:39504 [302]: POST /auth/login.php
[Sun Sep 13 17:31:06 2026] [::1]:39504 Closing
[Sun Sep 13 17:31:06 2026] [::1]:39508 Accepted
[Sun Sep 13 17:31:06 2026] [::1]:39508 [200]: GET /dashboard.php
[Sun Sep 13 17:31:06 2026] [::1]:39508 Closing
[Sun Sep 13 17:31:06 2026] [::1]:39522 Accepted
[Sun Sep 13 17:31:06 2026] [::1]:39538 Accepted
[Sun Sep 13 17:31:06 2026] [::1]:39522 [403]: GET /api/tasks.php?action=list&status=Pending
[Sun Sep 13 17:31:06 2026] [::1]:39522 Closing
[Sun Sep 13 17:31:06 2026] [::1]:39538 [200]: GET /api/notifications.php?action=list_unread
[Sun Sep 13 17:31:06 2026] [::1]:39538 Closing
[Sun Sep 13 17:31:08 2026] [::1]:39550 Accepted
[Sun Sep 13 17:31:08 2026] [::1]:39550 [200]: GET /bookings/create.php?customer_id=1&unit_id=1
[Sun Sep 13 17:31:08 2026] [::1]:39550 Closing
[Sun Sep 13 17:31:10 2026] [::1]:39566 Accepted
[Sun Sep 13 17:31:10 2026] [::1]:39566 [200]: POST /api/bookings.php
[Sun Sep 13 17:31:10 2026] [::1]:39566 Closing
[Sun Sep 13 17:31:12 2026] [::1]:39574 Accepted
[Sun Sep 13 17:31:12 2026] [::1]:39574 [200]: GET /bookings/view.php?id=1
[Sun Sep 13 17:31:12 2026] [::1]:39574 Closing
[Sun Sep 13 17:31:12 2026] [::1]:39584 Accepted
[Sun Sep 13 17:31:12 2026] [::1]:39598 Accepted
[Sun Sep 13 17:31:12 2026] [::1]:39584 [404]: GET /api/bookings.php?action=view&id=1
[Sun Sep 13 17:31:12 2026] [::1]:39584 Closing
[Sun Sep 13 17:31:12 2026] [::1]:39598 [200]: GET /api/payments.php?action=list_for_booking&booking_id=1
[Sun Sep 13 17:31:12 2026] [::1]:39598 Closing
[Sun Sep 13 17:33:04 2026] [::1]:41290 Accepted
[Sun Sep 13 17:33:04 2026] [::1]:41290 [200]: GET /auth/login.php
[Sun Sep 13 17:33:04 2026] [::1]:41290 Closing
[Sun Sep 13 17:33:05 2026] [::1]:41298 Accepted
[Sun Sep 13 17:33:05 2026] [::1]:41298 [302]: POST /auth/login.php
[Sun Sep 13 17:33:05 2026] [::1]:41298 Closing
[Sun Sep 13 17:33:05 2026] [::1]:41314 Accepted
[Sun Sep 13 17:33:05 2026] [::1]:41314 [200]: GET /dashboard.php
[Sun Sep 13 17:33:05 2026] [::1]:41314 Closing
[Sun Sep 13 17:33:05 2026] [::1]:41318 Accepted
[Sun Sep 13 17:33:05 2026] [::1]:41320 Accepted
[Sun Sep 13 17:33:05 2026] [::1]:41318 [403]: GET /api/tasks.php?action=list&status=Pending
[Sun Sep 13 17:33:05 2026] [::1]:41318 Closing
[Sun Sep 13 17:33:05 2026] [::1]:41320 [200]: GET /api/notifications.php?action=list_unread
[Sun Sep 13 17:33:05 2026] [::1]:41320 Closing
[Sun Sep 13 17:33:07 2026] [::1]:41334 Accepted
[Sun Sep 13 17:33:07 2026] [::1]:41334 [200]: GET /bookings/create.php?customer_id=1&unit_id=1
[Sun Sep 13 17:33:07 2026] [::1]:41334 Closing
[Sun Sep 13 17:33:09 2026] [::1]:41346 Accepted
[Sun Sep 13 17:33:09 2026] [::1]:41346 [200]: POST /api/bookings.php
[Sun Sep 13 17:33:09 2026] [::1]:41346 Closing
[Sun Sep 13 17:33:11 2026] [::1]:41356 Accepted
[Sun Sep 13 17:33:11 2026] [::1]:41356 [200]: GET /bookings/view.php?id=1
[Sun Sep 13 17:33:11 2026] [::1]:41356 Closing
[Sun Sep 13 17:33:11 2026] [::1]:41364 Accepted
[Sun Sep 13 17:33:11 2026] [::1]:41372 Accepted
[Sun Sep 13 17:33:11 2026] [::1]:41364 [200]: GET /api/bookings.php?action=view&id=1
[Sun Sep 13 17:33:11 2026] [::1]:41364 Closing
[Sun Sep 13 17:33:11 2026] [::1]:41372 [200]: GET /api/payments.php?action=list_for_booking&booking_id=1
[Sun Sep 13 17:33:11 2026] [::1]:41372 Closing
[Sun Sep 13 17:33:13 2026] [::1]:41380 Accepted
[Sun Sep 13 17:33:13 2026] [::1]:41380 [200]: GET /bookings/view.php?csrf_token=152bffbe1c37ac5922601cde04004ae00809e604c7657e40cfa3aa208e141c05&action=record&booking_id=1&amount=250000&payment_date=2026-09-13&payment_mode=Bank+Transfer&transaction_reference=CHQ-123456&notes=
[Sun Sep 13 17:33:13 2026] [::1]:41380 Closing
[Sun Sep 13 17:33:14 2026] [::1]:41390 Accepted
[Sun Sep 13 17:33:14 2026] [::1]:41398 Accepted
[Sun Sep 13 17:33:14 2026] [::1]:41390 [404]: GET /api/bookings.php?action=view&id=
[Sun Sep 13 17:33:14 2026] [::1]:41390 Closing
[Sun Sep 13 17:33:14 2026] [::1]:41398 [200]: GET /api/payments.php?action=list_for_booking&booking_id=
[Sun Sep 13 17:33:14 2026] [::1]:41398 Closing
