[Sun Sep 13 18:00:37 2026] PHP 8.3.6 Development Server (http://localhost:8000) started
[Sun Sep 13 18:00:40 2026] [::1]:57586 Accepted
[Sun Sep 13 18:00:40 2026] [::1]:57586 [200]: GET /auth/login.php
[Sun Sep 13 18:00:40 2026] [::1]:57586 Closing
[Sun Sep 13 18:00:41 2026] [::1]:57588 Accepted
[Sun Sep 13 18:00:41 2026] [::1]:57588 [200]: POST /auth/login.php
[Sun Sep 13 18:00:41 2026] [::1]:57588 Closing
[Sun Sep 13 18:00:43 2026] [::1]:38446 Accepted
[Sun Sep 13 18:00:43 2026] [::1]:38446 [302]: GET /channel_partners/index.php
[Sun Sep 13 18:00:43 2026] [::1]:38446 Closing
[Sun Sep 13 18:00:43 2026] [::1]:38460 Accepted
[Sun Sep 13 18:00:43 2026] [::1]:38460 [200]: GET /auth/login.php
[Sun Sep 13 18:00:43 2026] [::1]:38460 Closing
[Sun Sep 13 18:02:51 2026] [::1]:60846 Accepted
[Sun Sep 13 18:02:51 2026] [::1]:60846 [200]: GET /auth/login.php
[Sun Sep 13 18:02:51 2026] [::1]:60846 Closing
[Sun Sep 13 18:02:52 2026] [::1]:40804 Accepted
[Sun Sep 13 18:02:52 2026] [::1]:40804 [302]: POST /auth/login.php
[Sun Sep 13 18:02:52 2026] [::1]:40804 Closing
[Sun Sep 13 18:02:52 2026] [::1]:40818 Accepted
[Sun Sep 13 18:02:52 2026] [::1]:40818 [200]: GET /dashboard.php
[Sun Sep 13 18:02:52 2026] [::1]:40818 Closing
[Sun Sep 13 18:02:52 2026] [::1]:40834 Accepted
[Sun Sep 13 18:02:52 2026] [::1]:40842 Accepted
[Sun Sep 13 18:02:52 2026] [::1]:40834 [403]: GET /api/tasks.php?action=list&status=Pending
[Sun Sep 13 18:02:52 2026] [::1]:40834 Closing
[Sun Sep 13 18:02:52 2026] [::1]:40842 [200]: GET /api/notifications.php?action=list_unread
[Sun Sep 13 18:02:52 2026] [::1]:40842 Closing
[Sun Sep 13 18:02:54 2026] [::1]:40852 Accepted
[Sun Sep 13 18:02:54 2026] [::1]:40852 [200]: GET /channel_partners/index.php
[Sun Sep 13 18:02:54 2026] [::1]:40852 Closing
[Sun Sep 13 18:02:54 2026] [::1]:40860 Accepted
[Sun Sep 13 18:02:54 2026] [::1]:40860 [200]: GET /api/channel-partners.php?action=list
[Sun Sep 13 18:02:54 2026] [::1]:40860 Closing
[Sun Sep 13 18:02:56 2026] [::1]:40864 Accepted
[Sun Sep 13 18:02:56 2026] [::1]:40864 [200]: POST /api/channel-partners.php
[Sun Sep 13 18:02:56 2026] [::1]:40864 Closing
[Sun Sep 13 18:02:58 2026] [::1]:40876 Accepted
[Sun Sep 13 18:02:58 2026] [::1]:40876 [200]: GET /bookings/view.php?id=1
[Sun Sep 13 18:02:58 2026] [::1]:40876 Closing
[Sun Sep 13 18:02:58 2026] [::1]:40886 Accepted
[Sun Sep 13 18:02:58 2026] [::1]:40886 [200]: GET /api/bookings.php?action=view&id=1
[Sun Sep 13 18:02:58 2026] [::1]:40886 Closing
[Sun Sep 13 18:02:58 2026] [::1]:40898 Accepted
[Sun Sep 13 18:02:58 2026] [::1]:40900 Accepted
[Sun Sep 13 18:02:58 2026] [::1]:40898 [200]: GET /api/payments.php?action=list_for_booking&booking_id=1
[Sun Sep 13 18:02:58 2026] [::1]:40898 Closing
[Sun Sep 13 18:02:58 2026] [::1]:40900 [200]: GET /api/commissions.php?action=list_for_booking&booking_id=1
[Sun Sep 13 18:02:58 2026] [::1]:40900 Closing
[Sun Sep 13 18:03:01 2026] [::1]:40910 Accepted
[Sun Sep 13 18:03:01 2026] [::1]:40910 [200]: GET /bookings/view.php?csrf_token=bc462146f85ba9a0f0369f77eb68277f8029a2682100981423e0e116e54f1438&action=calculate&booking_id=1&channel_partner_id=1&salesperson_id=&percentage=5&fixed_amount=
[Sun Sep 13 18:03:01 2026] [::1]:40910 Closing
[Sun Sep 13 18:03:01 2026] [::1]:40922 Accepted
[Sun Sep 13 18:03:01 2026] [::1]:40932 Accepted
[Sun Sep 13 18:03:01 2026] [::1]:40922 [404]: GET /api/bookings.php?action=view&id=
[Sun Sep 13 18:03:01 2026] [::1]:40922 Closing
[Sun Sep 13 18:03:01 2026] [::1]:40940 Accepted
[Sun Sep 13 18:03:01 2026] [::1]:40932 [200]: GET /api/payments.php?action=list_for_booking&booking_id=
[Sun Sep 13 18:03:01 2026] [::1]:40932 Closing
[Sun Sep 13 18:03:01 2026] [::1]:40940 [200]: GET /api/commissions.php?action=list_for_booking&booking_id=
[Sun Sep 13 18:03:01 2026] [::1]:40940 Closing
