[Sun Sep 13 22:55:10 2026] PHP 8.3.6 Development Server (http://localhost:8000) started
[Sun Sep 13 22:57:02 2026] [::1]:38794 Accepted
[Sun Sep 13 22:57:02 2026] [::1]:38794 [200]: GET /auth/login.php
[Sun Sep 13 22:57:02 2026] [::1]:38794 Closing
[Sun Sep 13 22:57:03 2026] [::1]:38796 Accepted
[Sun Sep 13 22:57:03 2026] [::1]:38796 [302]: POST /auth/login.php
[Sun Sep 13 22:57:03 2026] [::1]:38796 Closing
[Sun Sep 13 22:57:03 2026] [::1]:38798 Accepted
[Sun Sep 13 22:57:03 2026] [::1]:38798 [200]: GET /dashboard.php
[Sun Sep 13 22:57:03 2026] [::1]:38798 Closing
[Sun Sep 13 22:57:03 2026] [::1]:38802 Accepted
[Sun Sep 13 22:57:03 2026] [::1]:38816 Accepted
[Sun Sep 13 22:57:03 2026] [::1]:38802 [403]: GET /api/tasks.php?action=list&status=Pending
[Sun Sep 13 22:57:03 2026] [::1]:38802 Closing
[Sun Sep 13 22:57:03 2026] [::1]:38816 [200]: GET /api/notifications.php?action=list_unread
[Sun Sep 13 22:57:03 2026] [::1]:38816 Closing
[Sun Sep 13 22:57:05 2026] [::1]:53504 Accepted
[Sun Sep 13 22:57:05 2026] [::1]:53504 [200]: GET /subscriptions/index.php
[Sun Sep 13 22:57:05 2026] [::1]:53504 Closing
[Sun Sep 13 22:59:02 2026] [::1]:51834 Accepted
[Sun Sep 13 22:59:02 2026] [::1]:51834 [200]: GET /auth/login.php
[Sun Sep 13 22:59:02 2026] [::1]:51834 Closing
[Sun Sep 13 22:59:02 2026] [::1]:51846 Accepted
[Sun Sep 13 22:59:02 2026] [::1]:51846 [302]: POST /auth/login.php
[Sun Sep 13 22:59:02 2026] [::1]:51846 Closing
[Sun Sep 13 22:59:02 2026] [::1]:51856 Accepted
[Sun Sep 13 22:59:02 2026] [::1]:51856 [200]: GET /dashboard.php
[Sun Sep 13 22:59:02 2026] [::1]:51856 Closing
[Sun Sep 13 22:59:02 2026] [::1]:51868 Accepted
[Sun Sep 13 22:59:02 2026] [::1]:51870 Accepted
[Sun Sep 13 22:59:02 2026] [::1]:51868 [403]: GET /api/tasks.php?action=list&status=Pending
[Sun Sep 13 22:59:02 2026] [::1]:51868 Closing
[Sun Sep 13 22:59:02 2026] [::1]:51870 [200]: GET /api/notifications.php?action=list_unread
[Sun Sep 13 22:59:02 2026] [::1]:51870 Closing
[Sun Sep 13 22:59:04 2026] [::1]:54490 Accepted
[Sun Sep 13 22:59:04 2026] [::1]:54490 [200]: GET /subscriptions/index.php
[Sun Sep 13 22:59:04 2026] [::1]:54490 Closing
[Sun Sep 13 22:59:06 2026] [::1]:54494 Accepted
[Sun Sep 13 22:59:06 2026] [::1]:54494 [200]: GET /subscriptions/index.php
[Sun Sep 13 22:59:06 2026] [::1]:54494 Closing
[Sun Sep 13 23:01:45 2026] [::1]:54434 Accepted
[Sun Sep 13 23:01:45 2026] [::1]:54434 [200]: GET /auth/login.php
[Sun Sep 13 23:01:45 2026] [::1]:54434 Closing
[Sun Sep 13 23:01:46 2026] [::1]:54446 Accepted
[Sun Sep 13 23:01:46 2026] [::1]:54446 [302]: POST /auth/login.php
[Sun Sep 13 23:01:46 2026] [::1]:54446 Closing
[Sun Sep 13 23:01:46 2026] [::1]:54452 Accepted
[Sun Sep 13 23:01:46 2026] [::1]:54452 [200]: GET /dashboard.php
[Sun Sep 13 23:01:46 2026] [::1]:54452 Closing
[Sun Sep 13 23:01:46 2026] [::1]:54458 Accepted
[Sun Sep 13 23:01:46 2026] [::1]:54466 Accepted
[Sun Sep 13 23:01:46 2026] [::1]:54458 [403]: GET /api/tasks.php?action=list&status=Pending
[Sun Sep 13 23:01:46 2026] [::1]:54458 Closing
[Sun Sep 13 23:01:46 2026] [::1]:54466 [200]: GET /api/notifications.php?action=list_unread
[Sun Sep 13 23:01:46 2026] [::1]:54466 Closing
[Sun Sep 13 23:01:48 2026] [::1]:54468 Accepted
[Sun Sep 13 23:01:48 2026] [::1]:54468 [200]: GET /subscriptions/index.php
[Sun Sep 13 23:01:48 2026] [::1]:54468 Closing
[Sun Sep 13 23:04:43 2026] [::1]:40844 Accepted
[Sun Sep 13 23:04:43 2026] [::1]:40844 [200]: GET /auth/login.php
[Sun Sep 13 23:04:43 2026] [::1]:40844 Closing
[Sun Sep 13 23:04:43 2026] [::1]:40856 Accepted
[Sun Sep 13 23:04:43 2026] [::1]:40856 [302]: POST /auth/login.php
[Sun Sep 13 23:04:43 2026] [::1]:40856 Closing
[Sun Sep 13 23:04:43 2026] [::1]:40860 Accepted
[Sun Sep 13 23:04:43 2026] [::1]:40860 [200]: GET /dashboard.php
[Sun Sep 13 23:04:43 2026] [::1]:40860 Closing
[Sun Sep 13 23:04:43 2026] [::1]:40866 Accepted
[Sun Sep 13 23:04:43 2026] [::1]:40870 Accepted
[Sun Sep 13 23:04:43 2026] [::1]:40866 [403]: GET /api/tasks.php?action=list&status=Pending
[Sun Sep 13 23:04:43 2026] [::1]:40866 Closing
[Sun Sep 13 23:04:43 2026] [::1]:40870 [200]: GET /api/notifications.php?action=list_unread
[Sun Sep 13 23:04:43 2026] [::1]:40870 Closing
[Sun Sep 13 23:04:45 2026] [::1]:57452 Accepted
[Sun Sep 13 23:04:45 2026] [::1]:57452 [200]: GET /subscriptions/index.php
[Sun Sep 13 23:04:45 2026] [::1]:57452 Closing
[Sun Sep 13 23:05:25 2026] [::1]:38216 Accepted
[Sun Sep 13 23:05:25 2026] [::1]:38216 [200]: GET /auth/login.php
[Sun Sep 13 23:05:25 2026] [::1]:38216 Closing
[Sun Sep 13 23:05:26 2026] [::1]:38226 Accepted
[Sun Sep 13 23:05:26 2026] [::1]:38226 [302]: POST /auth/login.php
[Sun Sep 13 23:05:26 2026] [::1]:38226 Closing
[Sun Sep 13 23:05:26 2026] [::1]:38230 Accepted
[Sun Sep 13 23:05:26 2026] [::1]:38230 [200]: GET /dashboard.php
[Sun Sep 13 23:05:26 2026] [::1]:38230 Closing
[Sun Sep 13 23:05:26 2026] [::1]:38246 Accepted
[Sun Sep 13 23:05:26 2026] [::1]:38250 Accepted
[Sun Sep 13 23:05:26 2026] [::1]:38246 [403]: GET /api/tasks.php?action=list&status=Pending
[Sun Sep 13 23:05:26 2026] [::1]:38246 Closing
[Sun Sep 13 23:05:26 2026] [::1]:38250 [200]: GET /api/notifications.php?action=list_unread
[Sun Sep 13 23:05:26 2026] [::1]:38250 Closing
[Sun Sep 13 23:05:28 2026] [::1]:38252 Accepted
[Sun Sep 13 23:05:28 2026] [::1]:38252 [200]: GET /subscriptions/index.php
[Sun Sep 13 23:05:28 2026] [::1]:38252 Closing
[Sun Sep 13 23:06:47 2026] [::1]:52034 Accepted
[Sun Sep 13 23:06:47 2026] [::1]:52034 [200]: GET /auth/login.php
[Sun Sep 13 23:06:47 2026] [::1]:52034 Closing
[Sun Sep 13 23:06:47 2026] [::1]:52036 Accepted
[Sun Sep 13 23:06:47 2026] [::1]:52036 [302]: POST /auth/login.php
[Sun Sep 13 23:06:47 2026] [::1]:52036 Closing
[Sun Sep 13 23:06:47 2026] [::1]:52050 Accepted
[Sun Sep 13 23:06:47 2026] [::1]:52050 [200]: GET /dashboard.php
[Sun Sep 13 23:06:47 2026] [::1]:52050 Closing
[Sun Sep 13 23:06:47 2026] [::1]:52064 Accepted
[Sun Sep 13 23:06:47 2026] [::1]:52078 Accepted
[Sun Sep 13 23:06:47 2026] [::1]:52064 [403]: GET /api/tasks.php?action=list&status=Pending
[Sun Sep 13 23:06:47 2026] [::1]:52064 Closing
[Sun Sep 13 23:06:47 2026] [::1]:52078 [200]: GET /api/notifications.php?action=list_unread
[Sun Sep 13 23:06:47 2026] [::1]:52078 Closing
[Sun Sep 13 23:06:49 2026] [::1]:52094 Accepted
[Sun Sep 13 23:06:49 2026] [::1]:52094 [200]: GET /subscriptions/index.php
[Sun Sep 13 23:06:49 2026] [::1]:52094 Closing
