[Sun Sep 13 19:15:03 2026] PHP 8.3.6 Development Server (http://localhost:8000) started
[Sun Sep 13 19:15:36 2026] [::1]:47754 Accepted
[Sun Sep 13 19:15:36 2026] [::1]:47754 [200]: GET /auth/login.php
[Sun Sep 13 19:15:36 2026] [::1]:47754 Closing
[Sun Sep 13 19:15:37 2026] [::1]:47756 Accepted
[Sun Sep 13 19:15:37 2026] [::1]:47756 [200]: POST /auth/login.php
[Sun Sep 13 19:15:37 2026] [::1]:47756 Closing
[Sun Sep 13 19:15:39 2026] [::1]:47766 Accepted
[Sun Sep 13 19:15:39 2026] [::1]:47766 [302]: GET /marketing/index.php
[Sun Sep 13 19:15:39 2026] [::1]:47766 Closing
[Sun Sep 13 19:15:39 2026] [::1]:47772 Accepted
[Sun Sep 13 19:15:39 2026] [::1]:47772 [200]: GET /auth/login.php
[Sun Sep 13 19:15:39 2026] [::1]:47772 Closing
[Sun Sep 13 19:17:35 2026] [::1]:53766 Accepted
[Sun Sep 13 19:17:35 2026] [::1]:53766 [200]: GET /auth/login.php
[Sun Sep 13 19:17:35 2026] [::1]:53766 Closing
[Sun Sep 13 19:17:35 2026] [::1]:53780 Accepted
[Sun Sep 13 19:17:35 2026] [::1]:53780 [302]: POST /auth/login.php
[Sun Sep 13 19:17:35 2026] [::1]:53780 Closing
[Sun Sep 13 19:17:35 2026] [::1]:53796 Accepted
[Sun Sep 13 19:17:35 2026] [::1]:53796 [200]: GET /dashboard.php
[Sun Sep 13 19:17:35 2026] [::1]:53796 Closing
[Sun Sep 13 19:17:35 2026] [::1]:53802 Accepted
[Sun Sep 13 19:17:35 2026] [::1]:53810 Accepted
[Sun Sep 13 19:17:35 2026] [::1]:53802 [403]: GET /api/tasks.php?action=list&status=Pending
[Sun Sep 13 19:17:35 2026] [::1]:53802 Closing
[Sun Sep 13 19:17:35 2026] [::1]:53810 [200]: GET /api/notifications.php?action=list_unread
[Sun Sep 13 19:17:35 2026] [::1]:53810 Closing
[Sun Sep 13 19:17:37 2026] [::1]:53818 Accepted
[Sun Sep 13 19:17:37 2026] [::1]:53818 [200]: GET /marketing/index.php
[Sun Sep 13 19:17:37 2026] [::1]:53818 Closing
[Sun Sep 13 19:17:37 2026] [::1]:53822 Accepted
[Sun Sep 13 19:17:37 2026] [::1]:53830 Accepted
[Sun Sep 13 19:17:37 2026] [::1]:53822 [200]: GET /api/marketing.php?action=accounts
[Sun Sep 13 19:17:37 2026] [::1]:53822 Closing
[Sun Sep 13 19:17:37 2026] [::1]:53830 [200]: GET /api/marketing.php?action=campaigns
[Sun Sep 13 19:17:37 2026] [::1]:53830 Closing
[Sun Sep 13 19:17:40 2026] [::1]:53834 Accepted
[Sun Sep 13 19:17:40 2026] [::1]:53834 [200]: POST /api/marketing.php
[Sun Sep 13 19:17:40 2026] [::1]:53834 Closing
[Sun Sep 13 19:19:08 2026] [::1]:42742 Accepted
[Sun Sep 13 19:19:08 2026] [::1]:42742 [200]: GET /auth/login.php
[Sun Sep 13 19:19:08 2026] [::1]:42742 Closing
[Sun Sep 13 19:19:09 2026] [::1]:42744 Accepted
[Sun Sep 13 19:19:09 2026] [::1]:42744 [302]: POST /auth/login.php
[Sun Sep 13 19:19:09 2026] [::1]:42744 Closing
[Sun Sep 13 19:19:09 2026] [::1]:42748 Accepted
[Sun Sep 13 19:19:09 2026] [::1]:42748 [200]: GET /dashboard.php
[Sun Sep 13 19:19:09 2026] [::1]:42748 Closing
[Sun Sep 13 19:19:09 2026] [::1]:42758 Accepted
[Sun Sep 13 19:19:09 2026] [::1]:42772 Accepted
[Sun Sep 13 19:19:09 2026] [::1]:42758 [403]: GET /api/tasks.php?action=list&status=Pending
[Sun Sep 13 19:19:09 2026] [::1]:42758 Closing
[Sun Sep 13 19:19:09 2026] [::1]:42772 [200]: GET /api/notifications.php?action=list_unread
[Sun Sep 13 19:19:09 2026] [::1]:42772 Closing
[Sun Sep 13 19:19:11 2026] [::1]:42782 Accepted
[Sun Sep 13 19:19:11 2026] [::1]:42782 [200]: GET /marketing/index.php
[Sun Sep 13 19:19:11 2026] [::1]:42782 Closing
[Sun Sep 13 19:19:11 2026] [::1]:42798 Accepted
[Sun Sep 13 19:19:11 2026] [::1]:42802 Accepted
[Sun Sep 13 19:19:11 2026] [::1]:42798 [200]: GET /api/marketing.php?action=accounts
[Sun Sep 13 19:19:11 2026] [::1]:42798 Closing
[Sun Sep 13 19:19:11 2026] [::1]:42802 [200]: GET /api/marketing.php?action=campaigns
[Sun Sep 13 19:19:11 2026] [::1]:42802 Closing
[Sun Sep 13 19:19:13 2026] [::1]:35594 Accepted
[Sun Sep 13 19:19:13 2026] [::1]:35594 [200]: POST /api/marketing.php
[Sun Sep 13 19:19:13 2026] [::1]:35594 Closing
[Sun Sep 13 19:19:15 2026] [::1]:35604 Accepted
[Sun Sep 13 19:19:15 2026] [::1]:35604 [200]: GET /marketing/index.php
[Sun Sep 13 19:19:15 2026] [::1]:35604 Closing
[Sun Sep 13 19:19:15 2026] [::1]:35612 Accepted
[Sun Sep 13 19:19:15 2026] [::1]:35616 Accepted
[Sun Sep 13 19:19:15 2026] [::1]:35612 [200]: GET /api/marketing.php?action=accounts
[Sun Sep 13 19:19:15 2026] [::1]:35612 Closing
[Sun Sep 13 19:19:15 2026] [::1]:35616 [200]: GET /api/marketing.php?action=campaigns
[Sun Sep 13 19:19:15 2026] [::1]:35616 Closing
[Sun Sep 13 19:21:34 2026] [::1]:57080 Accepted
[Sun Sep 13 19:21:34 2026] [::1]:57080 [200]: GET /auth/login.php
[Sun Sep 13 19:21:34 2026] [::1]:57080 Closing
[Sun Sep 13 19:21:35 2026] [::1]:57092 Accepted
[Sun Sep 13 19:21:35 2026] [::1]:57092 [302]: POST /auth/login.php
[Sun Sep 13 19:21:35 2026] [::1]:57092 Closing
[Sun Sep 13 19:21:35 2026] [::1]:57102 Accepted
[Sun Sep 13 19:21:35 2026] [::1]:57102 [200]: GET /dashboard.php
[Sun Sep 13 19:21:35 2026] [::1]:57102 Closing
[Sun Sep 13 19:21:35 2026] [::1]:57104 Accepted
[Sun Sep 13 19:21:35 2026] [::1]:57118 Accepted
[Sun Sep 13 19:21:35 2026] [::1]:57104 [403]: GET /api/tasks.php?action=list&status=Pending
[Sun Sep 13 19:21:35 2026] [::1]:57104 Closing
[Sun Sep 13 19:21:35 2026] [::1]:57118 [200]: GET /api/notifications.php?action=list_unread
[Sun Sep 13 19:21:35 2026] [::1]:57118 Closing
[Sun Sep 13 19:21:37 2026] [::1]:57130 Accepted
[Sun Sep 13 19:21:37 2026] [::1]:57130 [200]: GET /marketing/index.php
[Sun Sep 13 19:21:37 2026] [::1]:57130 Closing
[Sun Sep 13 19:21:37 2026] [::1]:57134 Accepted
[Sun Sep 13 19:21:37 2026] [::1]:57140 Accepted
[Sun Sep 13 19:21:37 2026] [::1]:57134 [200]: GET /api/marketing.php?action=accounts
[Sun Sep 13 19:21:37 2026] [::1]:57134 Closing
[Sun Sep 13 19:21:37 2026] [::1]:57140 [200]: GET /api/marketing.php?action=campaigns
[Sun Sep 13 19:21:37 2026] [::1]:57140 Closing
[Sun Sep 13 19:21:39 2026] [::1]:57154 Accepted
[Sun Sep 13 19:21:39 2026] [::1]:57154 [200]: POST /api/marketing.php
[Sun Sep 13 19:21:39 2026] [::1]:57154 Closing
